Set up job | Current runner version: '2.337.0'
Set up job | ##[group]Runner Image Provisioner
Set up job | Hosted Compute Agent
Set up job | Version: 20260901.588
Set up job | Commit: f88ec8081b781fac6c440065ac7ff9e710ce3d0b
Set up job | Build Date: 2026-09-01T19:56:44Z
Set up job | Worker ID: {94f049ba-b293-456b-8927-13cb6a876201}
Set up job | Azure Region: westus2
Set up job | ##[endgroup]
Set up job | ##[group]Operating System
Set up job | Ubuntu
Set up job | 24.04.5
Set up job | LTS
Set up job | ##[endgroup]
Set up job | ##[group]Runner Image
Set up job | Image: ubuntu-24.04
Set up job | Version: 20260927.320.1
Set up job | Included Software: https://github.com/actions/runner-images/blob/ubuntu24/20260927.320/images/ubuntu/Ubuntu2404-Readme.md
Set up job | Image Release: https://github.com/actions/runner-images/releases/tag/ubuntu24%2F20260927.320
Set up job | ##[endgroup]
Set up job | ##[group]GITHUB_TOKEN Permissions
Set up job | Contents: read
Set up job | Metadata: read
Set up job | ##[endgroup]
Set up job | Secret source: Actions
Set up job | Cache mode: write
Set up job | Prepare workflow directory
Set up job | Prepare all required actions
Set up job | Getting action download info
Set up job | Download action repository 'actions/checkout@v7' (SHA:3d3c42e5aac5ba805825da76410c181273ba90b1)
Set up job | Complete job name: CI: Security check + secrets demo
Checkout source code | ##[group]Run actions/checkout@v7
Checkout source code | with:
Checkout source code |   repository: Astro-Dude/devops-assignments
Checkout source code |   token: ***
Checkout source code |   ssh-strict: true
Checkout source code |   ssh-user: git
Checkout source code |   persist-credentials: true
Checkout source code |   clean: true
Checkout source code |   sparse-checkout-cone-mode: true
Checkout source code |   fetch-depth: 1
Checkout source code |   fetch-tags: false
Checkout source code |   show-progress: true
Checkout source code |   lfs: false
Checkout source code |   submodules: false
Checkout source code |   set-safe-directory: true
Checkout source code |   allow-unsafe-pr-checkout: false
Checkout source code | env:
Checkout source code |   APP_DIR: DevOps/16-github-actions
Checkout source code |   IMAGE_NAME: ghcr.io/astro-dude/devops-assignments/s16-calculator
Checkout source code | ##[endgroup]
Checkout source code | Syncing repository: Astro-Dude/devops-assignments
Checkout source code | ##[group]Getting Git version info
Checkout source code | Working directory is '/home/runner/work/devops-assignments/devops-assignments'
Checkout source code | [command]/usr/bin/git version
Checkout source code | git version 2.55.0
Checkout source code | ##[endgroup]
Checkout source code | Temporarily overriding HOME='/home/runner/work/_temp/049cd4cb-6b3f-48c4-8df9-d1499b8e9ef1' before making global git config changes
Checkout source code | Adding repository directory to the temporary git global config as a safe directory
Checkout source code | [command]/usr/bin/git config --global --add safe.directory /home/runner/work/devops-assignments/devops-assignments
Checkout source code | Deleting the contents of '/home/runner/work/devops-assignments/devops-assignments'
Checkout source code | ##[group]Determining repository object format
Checkout source code | ##[endgroup]
Checkout source code | ##[group]Initializing the repository
Checkout source code | [command]/usr/bin/git init /home/runner/work/devops-assignments/devops-assignments
Checkout source code | hint: Using 'master' as the name for the initial branch. This default branch name
Checkout source code | hint: will change to "main" in Git 3.0. To configure the initial branch name
Checkout source code | hint: to use in all of your new repositories, which will suppress this warning,
Checkout source code | hint: call:
Checkout source code | hint:
Checkout source code | hint: 	git config --global init.defaultBranch <name>
Checkout source code | hint:
Checkout source code | hint: Names commonly chosen instead of 'master' are 'main', 'trunk' and
Checkout source code | hint: 'development'. The just-created branch can be renamed via this command:
Checkout source code | hint:
Checkout source code | hint: 	git branch -m <name>
Checkout source code | hint:
Checkout source code | hint: Disable this message with "git config set advice.defaultBranchName false"
Checkout source code | Initialized empty Git repository in /home/runner/work/devops-assignments/devops-assignments/.git/
Checkout source code | [command]/usr/bin/git remote add origin https://github.com/Astro-Dude/devops-assignments
Checkout source code | ##[endgroup]
Checkout source code | ##[group]Disabling automatic garbage collection
Checkout source code | [command]/usr/bin/git config --local gc.auto 0
Checkout source code | ##[endgroup]
Checkout source code | ##[group]Setting up auth
Checkout source code | Removing SSH command configuration
Checkout source code | [command]/usr/bin/git config --local --name-only --get-regexp core\.sshCommand
Checkout source code | [command]/usr/bin/git submodule foreach --recursive sh -c "git config --local --name-only --get-regexp 'core\.sshCommand' && git config --local --unset-all 'core.sshCommand' || :"
Checkout source code | Removing HTTP extra header
Checkout source code | [command]/usr/bin/git config --local --name-only --get-regexp http\.https\:\/\/github\.com\/\.extraheader
Checkout source code | [command]/usr/bin/git submodule foreach --recursive sh -c "git config --local --name-only --get-regexp 'http\.https\:\/\/github\.com\/\.extraheader' && git config --local --unset-all 'http.https://github.com/.extraheader' || :"
Checkout source code | Removing includeIf entries pointing to credentials config files
Checkout source code | [command]/usr/bin/git config --local --name-only --get-regexp ^includeIf\.gitdir:
Checkout source code | [command]/usr/bin/git submodule foreach --recursive git config --local --show-origin --name-only --get-regexp remote.origin.url
Checkout source code | [command]/usr/bin/git config --file /home/runner/work/_temp/git-credentials-1713c6c7-6ad0-4d39-bd7a-b93667903321.config http.https://github.com/.extraheader AUTHORIZATION: basic ***
Checkout source code | [command]/usr/bin/git config --local includeIf.gitdir:/home/runner/work/devops-assignments/devops-assignments/.git.path /home/runner/work/_temp/git-credentials-1713c6c7-6ad0-4d39-bd7a-b93667903321.config
Checkout source code | [command]/usr/bin/git config --local includeIf.gitdir:/home/runner/work/devops-assignments/devops-assignments/.git/worktrees/*.path /home/runner/work/_temp/git-credentials-1713c6c7-6ad0-4d39-bd7a-b93667903321.config
Checkout source code | [command]/usr/bin/git config --local includeIf.gitdir:/github/workspace/.git.path /github/runner_temp/git-credentials-1713c6c7-6ad0-4d39-bd7a-b93667903321.config
Checkout source code | [command]/usr/bin/git config --local includeIf.gitdir:/github/workspace/.git/worktrees/*.path /github/runner_temp/git-credentials-1713c6c7-6ad0-4d39-bd7a-b93667903321.config
Checkout source code | ##[endgroup]
Checkout source code | ##[group]Fetching the repository
Checkout source code | [command]/usr/bin/git -c protocol.version=2 fetch --no-tags --prune --no-recurse-submodules --depth=1 origin +c48d34fb51a57e29435c95900883f98a2b5e0c1d:refs/remotes/origin/main
Checkout source code | From https://github.com/Astro-Dude/devops-assignments
Checkout source code |  * [new ref]         c48d34fb51a57e29435c95900883f98a2b5e0c1d -> origin/main
Checkout source code | [command]/usr/bin/git branch --list --remote origin/main
Checkout source code |   origin/main
Checkout source code | [command]/usr/bin/git rev-parse refs/remotes/origin/main
Checkout source code | c48d34fb51a57e29435c95900883f98a2b5e0c1d
Checkout source code | ##[endgroup]
Checkout source code | ##[group]Determining the checkout info
Checkout source code | ##[endgroup]
Checkout source code | [command]/usr/bin/git sparse-checkout disable
Checkout source code | [command]/usr/bin/git config --local --unset-all extensions.worktreeConfig
Checkout source code | ##[group]Checking out the ref
Checkout source code | [command]/usr/bin/git checkout --progress --force -B main refs/remotes/origin/main
Checkout source code | Switched to a new branch 'main'
Checkout source code | branch 'main' set up to track 'origin/main'.
Checkout source code | ##[endgroup]
Checkout source code | [command]/usr/bin/git log -1 --format=%H
Checkout source code | c48d34fb51a57e29435c95900883f98a2b5e0c1d
Check for committed sensitive files | ##[group]Run echo "Checking $PWD for common sensitive files..."
Check for committed sensitive files | echo "Checking $PWD for common sensitive files..."
Check for committed sensitive files | if find . -type f \( -name ".env" -o -name "*.pem" -o -name "*.key" -o -name "kubeconfig*" \) | grep .; then
Check for committed sensitive files |   echo "::error::Potential sensitive file committed"
Check for committed sensitive files |   exit 1
Check for committed sensitive files | fi
Check for committed sensitive files | echo "No common sensitive files found."
Check for committed sensitive files | shell: /usr/bin/bash --noprofile --norc -e -o pipefail {0}
Check for committed sensitive files | env:
Check for committed sensitive files |   APP_DIR: DevOps/16-github-actions
Check for committed sensitive files |   IMAGE_NAME: ghcr.io/astro-dude/devops-assignments/s16-calculator
Check for committed sensitive files | ##[endgroup]
Check for committed sensitive files | Checking /home/runner/work/devops-assignments/devops-assignments/DevOps/16-github-actions for common sensitive files...
Check for committed sensitive files | No common sensitive files found.
Secrets are masked in logs (GITHUB_TOKEN + repository secret) | ##[group]Run echo "Printing the secret directly -> $TOKEN"
Secrets are masked in logs (GITHUB_TOKEN + repository secret) | echo "Printing the secret directly -> $TOKEN"
Secrets are masked in logs (GITHUB_TOKEN + repository secret) | echo "Secret length                -> ${#TOKEN} characters"
Secrets are masked in logs (GITHUB_TOKEN + repository secret) | echo "Using it to call the GitHub API as the workflow:"
Secrets are masked in logs (GITHUB_TOKEN + repository secret) | curl -fsS -H "Authorization: ***" \
Secrets are masked in logs (GITHUB_TOKEN + repository secret) |   "https://api.github.com/repos/$GITHUB_REPOSITORY" | jq '{full_name, visibility, default_branch}'
Secrets are masked in logs (GITHUB_TOKEN + repository secret) | if [ -z "$DEMO_SECRET" ]; then echo "::warning::S16_DEMO_SECRET not available (e.g. PR from a fork)"; exit 0; fi
Secrets are masked in logs (GITHUB_TOKEN + repository secret) | echo "Repository secret S16_DEMO_SECRET -> $DEMO_SECRET (length ${#DEMO_SECRET})"
Secrets are masked in logs (GITHUB_TOKEN + repository secret) | echo "sha256 prefix of S16_DEMO_SECRET  -> $(printf '%s' "$DEMO_SECRET" | sha256sum | cut -c1-12)"
Secrets are masked in logs (GITHUB_TOKEN + repository secret) | shell: /usr/bin/bash --noprofile --norc -e -o pipefail {0}
Secrets are masked in logs (GITHUB_TOKEN + repository secret) | env:
Secrets are masked in logs (GITHUB_TOKEN + repository secret) |   APP_DIR: DevOps/16-github-actions
Secrets are masked in logs (GITHUB_TOKEN + repository secret) |   IMAGE_NAME: ghcr.io/astro-dude/devops-assignments/s16-calculator
Secrets are masked in logs (GITHUB_TOKEN + repository secret) |   TOKEN: ***
Secrets are masked in logs (GITHUB_TOKEN + repository secret) |   DEMO_SECRET: ***
Secrets are masked in logs (GITHUB_TOKEN + repository secret) | ##[endgroup]
Secrets are masked in logs (GITHUB_TOKEN + repository secret) | Printing the secret directly -> ***
Secrets are masked in logs (GITHUB_TOKEN + repository secret) | Secret length                -> 377 characters
Secrets are masked in logs (GITHUB_TOKEN + repository secret) | Using it to call the GitHub API as the workflow:
Secrets are masked in logs (GITHUB_TOKEN + repository secret) | {
Secrets are masked in logs (GITHUB_TOKEN + repository secret) |   "full_name": "Astro-Dude/devops-assignments",
Secrets are masked in logs (GITHUB_TOKEN + repository secret) |   "visibility": "public",
Secrets are masked in logs (GITHUB_TOKEN + repository secret) |   "default_branch": "main"
Secrets are masked in logs (GITHUB_TOKEN + repository secret) | }
Secrets are masked in logs (GITHUB_TOKEN + repository secret) | Repository secret S16_DEMO_SECRET -> *** (length 33)
Secrets are masked in logs (GITHUB_TOKEN + repository secret) | sha256 prefix of S16_DEMO_SECRET  -> 5059e1718731
Post Checkout source code | Post job cleanup.
Post Checkout source code | [command]/usr/bin/git version
Post Checkout source code | git version 2.55.0
Post Checkout source code | Temporarily overriding HOME='/home/runner/work/_temp/dd2cbd7e-ba5b-4127-8810-bdb1cc32b4ce' before making global git config changes
Post Checkout source code | Adding repository directory to the temporary git global config as a safe directory
Post Checkout source code | [command]/usr/bin/git config --global --add safe.directory /home/runner/work/devops-assignments/devops-assignments
Post Checkout source code | Removing SSH command configuration
Post Checkout source code | [command]/usr/bin/git config --local --name-only --get-regexp core\.sshCommand
Post Checkout source code | [command]/usr/bin/git submodule foreach --recursive sh -c "git config --local --name-only --get-regexp 'core\.sshCommand' && git config --local --unset-all 'core.sshCommand' || :"
Post Checkout source code | Removing HTTP extra header
Post Checkout source code | [command]/usr/bin/git config --local --name-only --get-regexp http\.https\:\/\/github\.com\/\.extraheader
Post Checkout source code | [command]/usr/bin/git submodule foreach --recursive sh -c "git config --local --name-only --get-regexp 'http\.https\:\/\/github\.com\/\.extraheader' && git config --local --unset-all 'http.https://github.com/.extraheader' || :"
Post Checkout source code | Removing includeIf entries pointing to credentials config files
Post Checkout source code | [command]/usr/bin/git config --local --name-only --get-regexp ^includeIf\.gitdir:
Post Checkout source code | includeif.gitdir:/home/runner/work/devops-assignments/devops-assignments/.git.path
Post Checkout source code | includeif.gitdir:/home/runner/work/devops-assignments/devops-assignments/.git/worktrees/*.path
Post Checkout source code | includeif.gitdir:/github/workspace/.git.path
Post Checkout source code | includeif.gitdir:/github/workspace/.git/worktrees/*.path
Post Checkout source code | [command]/usr/bin/git config --local --get-all includeif.gitdir:/home/runner/work/devops-assignments/devops-assignments/.git.path
Post Checkout source code | /home/runner/work/_temp/git-credentials-1713c6c7-6ad0-4d39-bd7a-b93667903321.config
Post Checkout source code | [command]/usr/bin/git config --local --unset includeif.gitdir:/home/runner/work/devops-assignments/devops-assignments/.git.path \/home\/runner\/work\/_temp\/git\-credentials\-1713c6c7\-6ad0\-4d39\-bd7a\-b93667903321\.config
Post Checkout source code | [command]/usr/bin/git config --local --get-all includeif.gitdir:/home/runner/work/devops-assignments/devops-assignments/.git/worktrees/*.path
Post Checkout source code | /home/runner/work/_temp/git-credentials-1713c6c7-6ad0-4d39-bd7a-b93667903321.config
Post Checkout source code | [command]/usr/bin/git config --local --unset includeif.gitdir:/home/runner/work/devops-assignments/devops-assignments/.git/worktrees/*.path \/home\/runner\/work\/_temp\/git\-credentials\-1713c6c7\-6ad0\-4d39\-bd7a\-b93667903321\.config
Post Checkout source code | [command]/usr/bin/git config --local --get-all includeif.gitdir:/github/workspace/.git.path
Post Checkout source code | /github/runner_temp/git-credentials-1713c6c7-6ad0-4d39-bd7a-b93667903321.config
Post Checkout source code | [command]/usr/bin/git config --local --unset includeif.gitdir:/github/workspace/.git.path \/github\/runner_temp\/git\-credentials\-1713c6c7\-6ad0\-4d39\-bd7a\-b93667903321\.config
Post Checkout source code | [command]/usr/bin/git config --local --get-all includeif.gitdir:/github/workspace/.git/worktrees/*.path
Post Checkout source code | /github/runner_temp/git-credentials-1713c6c7-6ad0-4d39-bd7a-b93667903321.config
Post Checkout source code | [command]/usr/bin/git config --local --unset includeif.gitdir:/github/workspace/.git/worktrees/*.path \/github\/runner_temp\/git\-credentials\-1713c6c7\-6ad0\-4d39\-bd7a\-b93667903321\.config
Post Checkout source code | [command]/usr/bin/git submodule foreach --recursive git config --local --show-origin --name-only --get-regexp remote.origin.url
Post Checkout source code | Removing credentials config '/home/runner/work/_temp/git-credentials-1713c6c7-6ad0-4d39-bd7a-b93667903321.config'
Complete job | Cleaning up orphan processes
